11:15:47 **** Incremental Build of configuration Debug for project software_STM32 ****
make all 
arm-none-eabi-gcc -o "software_STM32.elf" @"objects.list"   -mcpu=cortex-m0 -T"C:\Users\pierr\OneDrive\Bureau\Projet\software_STM32\STM32F072RBTx_FLASH.ld" --specs=nosys.specs -Wl,-Map="software_STM32.map" -Wl,--gc-sections -nodefaultlibs -static --specs=nano.specs -mfloat-abi=soft -mthumb -Wl,--start-group -lc -lm -Wl,--end-group
Finished building target: software_STM32.elf
 
arm-none-eabi-size  software_STM32.elf 
   text	   data	    bss	    dec	    hex	filename
   6808	     16	   1592	   8416	   20e0	software_STM32.elf
Finished building: default.size.stdout
 
arm-none-eabi-objdump -h -S software_STM32.elf  > "software_STM32.list"
Finished building: software_STM32.list
 
